ARM GAS  /tmp/ccXndcLu.s 			page 1


   1              		.cpu cortex-m3
   2              		.eabi_attribute 20, 1
   3              		.eabi_attribute 21, 1
   4              		.eabi_attribute 23, 3
   5              		.eabi_attribute 24, 1
   6              		.eabi_attribute 25, 1
   7              		.eabi_attribute 26, 1
   8              		.eabi_attribute 30, 1
   9              		.eabi_attribute 34, 1
  10              		.eabi_attribute 18, 4
  11              		.file	"delay.c"
  12              		.text
  13              	.Ltext0:
  14              		.cfi_sections	.debug_frame
  15              		.section	.text.delay_init,"ax",%progbits
  16              		.align	1
  17              		.global	delay_init
  18              		.arch armv7-m
  19              		.syntax unified
  20              		.thumb
  21              		.thumb_func
  22              		.fpu softvfp
  24              	delay_init:
  25              	.LFB0:
  26              		.file 1 "Core/Src/delay.c"
   1:Core/Src/delay.c **** #include "delay.h"
   2:Core/Src/delay.c **** 
   3:Core/Src/delay.c **** void delay_init(){
  27              		.loc 1 3 18 view -0
  28              		.cfi_startproc
  29              		@ args = 0, pretend = 0, frame = 0
  30              		@ frame_needed = 0, uses_anonymous_args = 0
  31              		@ link register save eliminated.
   4:Core/Src/delay.c ****  
   5:Core/Src/delay.c ****     SYSTICK_LOAD = 8000 - 1;
  32              		.loc 1 5 5 view .LVU1
  33              		.loc 1 5 18 is_stmt 0 view .LVU2
  34 0000 4FF0E023 		mov	r3, #-536813568
  35 0004 41F63F72 		movw	r2, #7999
  36 0008 5A61     		str	r2, [r3, #20]
   6:Core/Src/delay.c **** 
   7:Core/Src/delay.c ****     SYSTICK_VAL = 0;
  37              		.loc 1 7 5 is_stmt 1 view .LVU3
  38              		.loc 1 7 17 is_stmt 0 view .LVU4
  39 000a 0022     		movs	r2, #0
  40 000c 9A61     		str	r2, [r3, #24]
   8:Core/Src/delay.c **** 
   9:Core/Src/delay.c ****     SYSTICK_CTRL |= (1 << 0) | (1 << 2);
  41              		.loc 1 9 5 is_stmt 1 view .LVU5
  42              		.loc 1 9 18 is_stmt 0 view .LVU6
  43 000e 1A69     		ldr	r2, [r3, #16]
  44 0010 42F00502 		orr	r2, r2, #5
  45 0014 1A61     		str	r2, [r3, #16]
  10:Core/Src/delay.c **** }
  46              		.loc 1 10 1 view .LVU7
  47 0016 7047     		bx	lr
  48              		.cfi_endproc
ARM GAS  /tmp/ccXndcLu.s 			page 2


  49              	.LFE0:
  51              		.section	.text.delay,"ax",%progbits
  52              		.align	1
  53              		.global	delay
  54              		.syntax unified
  55              		.thumb
  56              		.thumb_func
  57              		.fpu softvfp
  59              	delay:
  60              	.LVL0:
  61              	.LFB1:
  11:Core/Src/delay.c **** 
  12:Core/Src/delay.c **** void delay(unsigned int time_ms){
  62              		.loc 1 12 33 is_stmt 1 view -0
  63              		.cfi_startproc
  64              		@ args = 0, pretend = 0, frame = 0
  65              		@ frame_needed = 0, uses_anonymous_args = 0
  66              		@ link register save eliminated.
  13:Core/Src/delay.c **** 
  14:Core/Src/delay.c ****     for(unsigned int i = 0; i < time_ms; i++){
  67              		.loc 1 14 5 view .LVU9
  68              	.LBB2:
  69              		.loc 1 14 9 view .LVU10
  70              		.loc 1 14 22 is_stmt 0 view .LVU11
  71 0000 0022     		movs	r2, #0
  72              		.loc 1 14 5 view .LVU12
  73 0002 09E0     		b	.L3
  74              	.LVL1:
  75              	.L4:
  15:Core/Src/delay.c **** 
  16:Core/Src/delay.c ****         while ((SYSTICK_CTRL & (1 << 16)) == 0) {
  17:Core/Src/delay.c ****            
  18:Core/Src/delay.c ****     
  19:Core/Src/delay.c ****         }
  76              		.loc 1 19 9 is_stmt 1 discriminator 1 view .LVU13
  16:Core/Src/delay.c ****            
  77              		.loc 1 16 15 discriminator 1 view .LVU14
  16:Core/Src/delay.c ****            
  78              		.loc 1 16 17 is_stmt 0 discriminator 1 view .LVU15
  79 0004 4FF0E023 		mov	r3, #-536813568
  80 0008 1B69     		ldr	r3, [r3, #16]
  16:Core/Src/delay.c ****            
  81              		.loc 1 16 15 discriminator 1 view .LVU16
  82 000a 13F4803F 		tst	r3, #65536
  83 000e F9D0     		beq	.L4
  20:Core/Src/delay.c ****             (void)SYSTICK_CTRL;
  84              		.loc 1 20 13 is_stmt 1 discriminator 2 view .LVU17
  85 0010 4FF0E023 		mov	r3, #-536813568
  86 0014 1B69     		ldr	r3, [r3, #16]
  14:Core/Src/delay.c **** 
  87              		.loc 1 14 42 discriminator 2 view .LVU18
  14:Core/Src/delay.c **** 
  88              		.loc 1 14 43 is_stmt 0 discriminator 2 view .LVU19
  89 0016 0132     		adds	r2, r2, #1
  90              	.LVL2:
  91              	.L3:
  14:Core/Src/delay.c **** 
ARM GAS  /tmp/ccXndcLu.s 			page 3


  92              		.loc 1 14 29 is_stmt 1 discriminator 1 view .LVU20
  14:Core/Src/delay.c **** 
  93              		.loc 1 14 5 is_stmt 0 discriminator 1 view .LVU21
  94 0018 8242     		cmp	r2, r0
  95 001a F3D3     		bcc	.L4
  96              	.LBE2:
  21:Core/Src/delay.c ****     }
  22:Core/Src/delay.c **** }...
  97              		.loc 1 22 1 view .LVU22
  98 001c 7047     		bx	lr
  99              		.cfi_endproc
 100              	.LFE1:
 102              		.text
 103              	.Letext0:
ARM GAS  /tmp/ccXndcLu.s 			page 4


DEFINED SYMBOLS
                            *ABS*:0000000000000000 delay.c
     /tmp/ccXndcLu.s:16     .text.delay_init:0000000000000000 $t
     /tmp/ccXndcLu.s:24     .text.delay_init:0000000000000000 delay_init
     /tmp/ccXndcLu.s:52     .text.delay:0000000000000000 $t
     /tmp/ccXndcLu.s:59     .text.delay:0000000000000000 delay

NO UNDEFINED SYMBOLS
