ARM GAS  /tmp/cc2PRHvQ.s 			page 1


   1              		.cpu cortex-m3
   2              		.eabi_attribute 20, 1
   3              		.eabi_attribute 21, 1
   4              		.eabi_attribute 23, 3
   5              		.eabi_attribute 24, 1
   6              		.eabi_attribute 25, 1
   7              		.eabi_attribute 26, 1
   8              		.eabi_attribute 30, 1
   9              		.eabi_attribute 34, 1
  10              		.eabi_attribute 18, 4
  11              		.file	"gpio.c"
  12              		.text
  13              	.Ltext0:
  14              		.cfi_sections	.debug_frame
  15              		.section	.text.digitalWrite,"ax",%progbits
  16              		.align	1
  17              		.global	digitalWrite
  18              		.arch armv7-m
  19              		.syntax unified
  20              		.thumb
  21              		.thumb_func
  22              		.fpu softvfp
  24              	digitalWrite:
  25              	.LVL0:
  26              	.LFB65:
  27              		.file 1 "Core/Src/gpio.c"
   1:Core/Src/gpio.c **** #include <gpio.h>
   2:Core/Src/gpio.c **** 
   3:Core/Src/gpio.c **** void digitalWrite(GPIO_TypeDef* GPIOx , uint8_t pin , uint8_t value){
  28              		.loc 1 3 69 view -0
  29              		.cfi_startproc
  30              		@ args = 0, pretend = 0, frame = 0
  31              		@ frame_needed = 0, uses_anonymous_args = 0
  32              		@ link register save eliminated.
   4:Core/Src/gpio.c **** 
   5:Core/Src/gpio.c ****   if (value == HIGH){
  33              		.loc 1 5 3 view .LVU1
  34              		.loc 1 5 6 is_stmt 0 view .LVU2
  35 0000 012A     		cmp	r2, #1
  36 0002 05D0     		beq	.L4
   6:Core/Src/gpio.c ****    GPIOx -> BSRR = (1U << 13);
   7:Core/Src/gpio.c ****   }
   8:Core/Src/gpio.c ****   else {
   9:Core/Src/gpio.c ****     GPIOx -> BSRR = (1U << (pin + 16));
  37              		.loc 1 9 5 is_stmt 1 view .LVU3
  38              		.loc 1 9 33 is_stmt 0 view .LVU4
  39 0004 1031     		adds	r1, r1, #16
  40              	.LVL1:
  41              		.loc 1 9 25 view .LVU5
  42 0006 0123     		movs	r3, #1
  43 0008 03FA01F1 		lsl	r1, r3, r1
  44              		.loc 1 9 19 view .LVU6
  45 000c 0161     		str	r1, [r0, #16]
  10:Core/Src/gpio.c ****   }
  11:Core/Src/gpio.c ****   
  12:Core/Src/gpio.c **** }
  46              		.loc 1 12 1 view .LVU7
ARM GAS  /tmp/cc2PRHvQ.s 			page 2


  47 000e 7047     		bx	lr
  48              	.LVL2:
  49              	.L4:
   6:Core/Src/gpio.c ****    GPIOx -> BSRR = (1U << 13);
  50              		.loc 1 6 4 is_stmt 1 view .LVU8
   6:Core/Src/gpio.c ****    GPIOx -> BSRR = (1U << 13);
  51              		.loc 1 6 18 is_stmt 0 view .LVU9
  52 0010 4FF40053 		mov	r3, #8192
  53 0014 0361     		str	r3, [r0, #16]
  54 0016 7047     		bx	lr
  55              		.cfi_endproc
  56              	.LFE65:
  58              		.section	.text.init_gpio_c,"ax",%progbits
  59              		.align	1
  60              		.global	init_gpio_c
  61              		.syntax unified
  62              		.thumb
  63              		.thumb_func
  64              		.fpu softvfp
  66              	init_gpio_c:
  67              	.LFB66:
  13:Core/Src/gpio.c **** 
  14:Core/Src/gpio.c **** void init_gpio_c (){
  68              		.loc 1 14 20 is_stmt 1 view -0
  69              		.cfi_startproc
  70              		@ args = 0, pretend = 0, frame = 0
  71              		@ frame_needed = 0, uses_anonymous_args = 0
  72              		@ link register save eliminated.
  15:Core/Src/gpio.c ****  
  16:Core/Src/gpio.c ****   RCC->APB2ENR |= (1U << 4);
  73              		.loc 1 16 3 view .LVU11
  74              		.loc 1 16 16 is_stmt 0 view .LVU12
  75 0000 024A     		ldr	r2, .L6
  76 0002 9369     		ldr	r3, [r2, #24]
  77 0004 43F01003 		orr	r3, r3, #16
  78 0008 9361     		str	r3, [r2, #24]
  17:Core/Src/gpio.c ****    
  18:Core/Src/gpio.c **** }
  79              		.loc 1 18 1 view .LVU13
  80 000a 7047     		bx	lr
  81              	.L7:
  82              		.align	2
  83              	.L6:
  84 000c 00100240 		.word	1073876992
  85              		.cfi_endproc
  86              	.LFE66:
  88              		.section	.text.pinMode,"ax",%progbits
  89              		.align	1
  90              		.global	pinMode
  91              		.syntax unified
  92              		.thumb
  93              		.thumb_func
  94              		.fpu softvfp
  96              	pinMode:
  97              	.LVL3:
  98              	.LFB67:
  19:Core/Src/gpio.c **** 
ARM GAS  /tmp/cc2PRHvQ.s 			page 3


  20:Core/Src/gpio.c **** void pinMode(GPIO_TypeDef* GPIOx , uint8_t pin , uint8_t mode){
  99              		.loc 1 20 63 is_stmt 1 view -0
 100              		.cfi_startproc
 101              		@ args = 0, pretend = 0, frame = 0
 102              		@ frame_needed = 0, uses_anonymous_args = 0
 103              		@ link register save eliminated.
  21:Core/Src/gpio.c ****  
  22:Core/Src/gpio.c ****   uint8_t bit_shift = (pin % 8) * 4;
 104              		.loc 1 22 3 view .LVU15
 105              		.loc 1 22 11 is_stmt 0 view .LVU16
 106 0000 01F00703 		and	r3, r1, #7
 107 0004 9B00     		lsls	r3, r3, #2
 108              	.LVL4:
  23:Core/Src/gpio.c **** 
  24:Core/Src/gpio.c ****   uint32_t config_val = (mode == OUTPUT) ? 0x2U : 0X4U;
 109              		.loc 1 24 3 is_stmt 1 view .LVU17
 110              		.loc 1 24 49 is_stmt 0 view .LVU18
 111 0006 012A     		cmp	r2, #1
 112 0008 10D0     		beq	.L13
 113 000a 0422     		movs	r2, #4
 114              	.LVL5:
 115              	.L9:
  25:Core/Src/gpio.c **** 
  26:Core/Src/gpio.c ****   if (pin < 8)
 116              		.loc 1 26 3 is_stmt 1 discriminator 4 view .LVU19
 117              		.loc 1 26 6 is_stmt 0 discriminator 4 view .LVU20
 118 000c 0729     		cmp	r1, #7
 119 000e 0FD8     		bhi	.L10
  27:Core/Src/gpio.c ****   {
  28:Core/Src/gpio.c ****     GPIOx -> CRL &= ~(0xFU << bit_shift);
 120              		.loc 1 28 5 is_stmt 1 view .LVU21
 121              		.loc 1 28 18 is_stmt 0 view .LVU22
 122 0010 0168     		ldr	r1, [r0]
 123              	.LVL6:
 124              		.loc 1 28 28 view .LVU23
 125 0012 4FF00F0C 		mov	ip, #15
 126 0016 0CFA03FC 		lsl	ip, ip, r3
 127              		.loc 1 28 18 view .LVU24
 128 001a 21EA0C01 		bic	r1, r1, ip
 129 001e 0160     		str	r1, [r0]
  29:Core/Src/gpio.c **** 
  30:Core/Src/gpio.c ****     GPIOx -> CRL |= (config_val << bit_shift);
 130              		.loc 1 30 5 is_stmt 1 view .LVU25
 131              		.loc 1 30 18 is_stmt 0 view .LVU26
 132 0020 0168     		ldr	r1, [r0]
 133              		.loc 1 30 33 view .LVU27
 134 0022 02FA03F3 		lsl	r3, r2, r3
 135              	.LVL7:
 136              		.loc 1 30 18 view .LVU28
 137 0026 0B43     		orrs	r3, r3, r1
 138 0028 0360     		str	r3, [r0]
 139 002a 7047     		bx	lr
 140              	.LVL8:
 141              	.L13:
  24:Core/Src/gpio.c **** 
 142              		.loc 1 24 49 view .LVU29
 143 002c 0222     		movs	r2, #2
ARM GAS  /tmp/cc2PRHvQ.s 			page 4


 144              	.LVL9:
  24:Core/Src/gpio.c **** 
 145              		.loc 1 24 49 view .LVU30
 146 002e EDE7     		b	.L9
 147              	.LVL10:
 148              	.L10:
  31:Core/Src/gpio.c ****   }
  32:Core/Src/gpio.c ****   else {
  33:Core/Src/gpio.c ****    GPIOx -> CRH &= ~(0XFU << bit_shift);
 149              		.loc 1 33 4 is_stmt 1 view .LVU31
 150              		.loc 1 33 17 is_stmt 0 view .LVU32
 151 0030 4168     		ldr	r1, [r0, #4]
 152              	.LVL11:
 153              		.loc 1 33 27 view .LVU33
 154 0032 4FF00F0C 		mov	ip, #15
 155 0036 0CFA03FC 		lsl	ip, ip, r3
 156              		.loc 1 33 17 view .LVU34
 157 003a 21EA0C01 		bic	r1, r1, ip
 158 003e 4160     		str	r1, [r0, #4]
  34:Core/Src/gpio.c **** 
  35:Core/Src/gpio.c ****    GPIOx -> CRH |= (config_val << bit_shift); 
 159              		.loc 1 35 4 is_stmt 1 view .LVU35
 160              		.loc 1 35 17 is_stmt 0 view .LVU36
 161 0040 4168     		ldr	r1, [r0, #4]
 162              		.loc 1 35 32 view .LVU37
 163 0042 02FA03F3 		lsl	r3, r2, r3
 164              	.LVL12:
 165              		.loc 1 35 17 view .LVU38
 166 0046 0B43     		orrs	r3, r3, r1
 167 0048 4360     		str	r3, [r0, #4]
  36:Core/Src/gpio.c ****   }
  37:Core/Src/gpio.c **** }...
 168              		.loc 1 37 1 view .LVU39
 169 004a 7047     		bx	lr
 170              		.cfi_endproc
 171              	.LFE67:
 173              		.text
 174              	.Letext0:
 175              		.file 2 "/usr/lib/gcc/arm-none-eabi/10.3.1/include/stdint.h"
 176              		.file 3 "Drivers/CMSIS/Device/ST/STM32F1xx/Include/stm32f103xb.h"
ARM GAS  /tmp/cc2PRHvQ.s 			page 5


DEFINED SYMBOLS
                            *ABS*:0000000000000000 gpio.c
     /tmp/cc2PRHvQ.s:16     .text.digitalWrite:0000000000000000 $t
     /tmp/cc2PRHvQ.s:24     .text.digitalWrite:0000000000000000 digitalWrite
     /tmp/cc2PRHvQ.s:59     .text.init_gpio_c:0000000000000000 $t
     /tmp/cc2PRHvQ.s:66     .text.init_gpio_c:0000000000000000 init_gpio_c
     /tmp/cc2PRHvQ.s:84     .text.init_gpio_c:000000000000000c $d
     /tmp/cc2PRHvQ.s:89     .text.pinMode:0000000000000000 $t
     /tmp/cc2PRHvQ.s:96     .text.pinMode:0000000000000000 pinMode

NO UNDEFINED SYMBOLS
